Hello, Quantum Language!
This is a test file.
File operations in Quantum.
This line was appended.